******************************************************************************
             TMS320C2000 Linker PC v15.12.3                    
******************************************************************************
>> Linked Wed Jul 04 16:10:53 2018

OUTPUT FILE NAME:   <proj_lab05b.out>
ENTRY POINT SYMBOL: "code_start"  address: 003f7ff6


MEMORY CONFIGURATION

         name            origin    length      used     unused   attr    fill
----------------------  --------  ---------  --------  --------  ----  --------
PAGE 0:
  P_RAML0               00008000   00000980  0000062d  00000353  RWIX
  OTP                   003d7800   00000400  00000000  00000400  RWIX
  FLASHB_D              003f0000   00006000  00003ba1  0000245f  RWIX
  D_FLASHA              003f6000   00001f80  00000086  00001efa  RWIX
  CSM_RSVD              003f7f80   00000076  00000000  00000076  RWIX
  BEGIN                 003f7ff6   00000002  00000002  00000000  RWIX
  CSM_PWL_P0            003f7ff8   00000008  00000000  00000008  RWIX
  IQTABLES              003fe000   00000b50  00000000  00000b50  RWIX
  IQTABLES2             003feb50   0000008c  00000000  0000008c  RWIX
  IQTABLES3             003febdc   000000aa  00000000  000000aa  RWIX
  ROM                   003ff27c   00000d44  00000000  00000d44  RWIX
  RESET                 003fffc0   00000002  00000000  00000002  RWIX
  VECTORS               003fffc2   0000003e  00000000  0000003e  RWIX

PAGE 1:
  RAMM0_M1              00000000   00000600  000003d7  00000229  RWIX
  D_RAML0               00008980   00000680  00000180  00000500  RWIX


SECTION ALLOCATION MAP

 output                                  attributes/
section   page    origin      length       input sections
--------  ----  ----------  ----------   ----------------
ramfuncs   0    003f0000    0000062d     RUN ADDR = 00008000
                  003f0000    00000513     ctrl.obj (ramfuncs)
                  003f0513    000000c6     proj_lab05b.obj (ramfuncs:retain)
                  003f05d9    00000032     flash.obj (ramfuncs)
                  003f060b    0000001e     hal.obj (ramfuncs)
                  003f0629    00000004     usDelay.obj (ramfuncs)

.text      0    003f062d    000034b0     
                  003f062d    00000e94     fast_public.lib : ctrl_priv.obj (.text)
                  003f14c1    00000902     hal.obj (.text)
                  003f1dc3    0000047b     drv8353.obj (.text)
                  003f223e    00000463     ctrl.obj (.text)
                  003f26a1    0000042d     user.obj (.text)
                  003f2ace    00000318     proj_lab05b.obj (.text)
                  003f2de6    000002f7     pwm.obj (.text)
                  003f30dd    000001f5     adc.obj (.text)
                  003f32d2    00000155     gpio.obj (.text)
                  003f3427    0000012b     clk.obj (.text)
                  003f3552    000000ff     pie.obj (.text)
                  003f3651    000000a9     spi.obj (.text)
                  003f36fa    0000006b     rts2800_ml.lib : s_ceilf.obj (.text)
                  003f3765    0000005b     pll.obj (.text)
                  003f37c0    00000054     rts2800_ml.lib : boot.obj (.text)
                  003f3814    00000047     offset.obj (.text)
                  003f385b    00000046     rts2800_ml.lib : cpy_tbl.obj (.text)
                  003f38a1    00000046     wdog.obj (.text)
                  003f38e7    00000044     pwr.obj (.text)
                  003f392b    00000032     timer.obj (.text)
                  003f395d    0000002d     osc.obj (.text)
                  003f398a    0000002a     rts2800_ml.lib : l_div.obj (.text)
                  003f39b4    00000029                    : exit.obj (.text)
                  003f39dd    00000025     cpu.obj (.text)
                  003f3a02    00000021     filter_fo.obj (.text)
                  003f3a23    00000021     rts2800_ml.lib : fs_toul.obj (.text)
                  003f3a44    00000020     flash.obj (.text)
                  003f3a64    0000001d     rts2800_ml.lib : fs_tou.obj (.text)
                  003f3a81    0000001a                    : cpy_utils.obj (.text)
                  003f3a9b    00000019                    : args_main.obj (.text)
                  003f3ab4    00000010     memCopy.obj (.text)
                  003f3ac4    00000009     rts2800_ml.lib : _lock.obj (.text)
                  003f3acd    00000008     CodeStartBranch.obj (.text)
                  003f3ad5    00000005     pie.obj (.text:retain)
                  003f3ada    00000002     rts2800_ml.lib : pre_init.obj (.text)
                  003f3adc    00000001                    : startup.obj (.text)

.cinit     0    003f3add    000000c4     
                  003f3add    000000a6     proj_lab05b.obj (.cinit)
                  003f3b83    0000000e     rts2800_ml.lib : exit.obj (.cinit)
                  003f3b91    00000005                    : _lock.obj (.cinit:__lock)
                  003f3b96    00000005                    : _lock.obj (.cinit:__unlock)
                  003f3b9b    00000004     drv8353.obj (.cinit)
                  003f3b9f    00000002     --HOLE-- [fill = 0]

.pinit     0    003f0000    00000000     UNINITIALIZED

.econst    0    003f6000    00000086     
                  003f6000    0000005c     fast_public.lib : ctrl_priv.obj (.econst)
                  003f605c    00000008     user.obj (.econst)
                  003f6064    00000004     ctrl.obj (.econst:_$P$T0$1)
                  003f6068    00000004     ctrl.obj (.econst:_$P$T1$2)
                  003f606c    00000004     ctrl.obj (.econst:_$P$T2$3)
                  003f6070    00000004     ctrl.obj (.econst:_$P$T3$4)
                  003f6074    00000004     ctrl.obj (.econst:_$P$T4$5)
                  003f6078    00000004     ctrl.obj (.econst:_$P$T5$6)
                  003f607c    00000004     ctrl.obj (.econst)
                  003f6080    00000004     hal.obj (.econst)
                  003f6084    00000002     rts2800_ml.lib : s_ceilf.obj (.econst)

codestart 
*          0    003f7ff6    00000002     
                  003f7ff6    00000002     CodeStartBranch.obj (codestart)

.ebss      1    00000000    00000315     UNINITIALIZED
                  00000000    00000308     proj_lab05b.obj (.ebss)
                  00000308    00000006     rts2800_ml.lib : exit.obj (.ebss)
                  0000030e    00000002                    : _lock.obj (.ebss:__lock)
                  00000310    00000002                    : _lock.obj (.ebss:__unlock)
                  00000312    00000002     drv8353.obj (.ebss)
                  00000314    00000001     cpu.obj (.ebss)

rom_accessed_data 
*          1    00000340    000000c2     UNINITIALIZED
                  00000340    000000c2     hal.obj (rom_accessed_data)

.stack     1    00008980    00000180     UNINITIALIZED
                  00008980    00000180     --HOLE--

.reset     0    003fffc0    00000002     DSECT
                  003fffc0    00000002     rts2800_ml.lib : boot.obj (.reset)

vectors    0    003fffc2    00000000     DSECT

MODULE SUMMARY

       Module                code    ro data   rw data
       ------                ----    -------   -------
    .\
       ctrl.obj              3721    0         28     
       hal.obj               2366    0         198    
       proj_lab05b.obj       1188    0         942    
       drv8353.obj           1147    0         6      
       user.obj              1069    0         8      
       pwm.obj               759     0         0      
       adc.obj               501     0         0      
       gpio.obj              341     0         0      
       clk.obj               299     0         0      
       pie.obj               260     0         0      
       spi.obj               169     0         0      
       flash.obj             132     0         0      
       pll.obj               91      0         0      
       offset.obj            71      0         0      
       wdog.obj              70      0         0      
       pwr.obj               68      0         0      
       timer.obj             50      0         0      
       osc.obj               45      0         0      
       cpu.obj               37      0         1      
       filter_fo.obj         33      0         0      
       memCopy.obj           16      0         0      
       CodeStartBranch.obj   10      0         0      
       usDelay.obj           8       0         0      
    +--+---------------------+-------+---------+---------+
       Total:                12451   0         1183   
                                                      
    C:/ti/ccsv6/tools/compiler/c2000_15.12.3.LTS/lib/rts2800_ml.lib
       s_ceilf.obj           107     0         2      
       boot.obj              84      0         0      
       cpy_tbl.obj           70      0         0      
       exit.obj              41      0         20     
       l_div.obj             42      0         0      
       fs_toul.obj           33      0         0      
       fs_tou.obj            29      0         0      
       cpy_utils.obj         26      0         0      
       args_main.obj         25      0         0      
       _lock.obj             9       0         14     
       pre_init.obj          2       0         0      
       startup.obj           1       0         0      
    +--+---------------------+-------+---------+---------+
       Total:                469     0         36     
                                                      
    C:/ti/motorware_drv8353/motorware_1_01_00_18/sw/modules/fast/lib/32b/f28x/f2802x/fast_public.lib
       ctrl_priv.obj         3732    0         92     
    +--+---------------------+-------+---------+---------+
       Total:                3732    0         92     
                                                      
       Stack:                0       0         384    
    +--+---------------------+-------+---------+---------+
       Grand Total:          16652   0         1695   


GLOBAL DATA SYMBOLS: SORTED BY DATA PAGE

address     data page           name
--------    ----------------    ----
00000000       0 (00000000)     _gCounter_updateGlobals
00000001       0 (00000000)     _Flag_Latch_softwareUpdate
00000002       0 (00000000)     _gDeviceVariant
00000003       0 (00000000)     _gLEDcnt
00000004       0 (00000000)     _gTorque_Ls_Id_Iq_pu_to_Nm_sf
00000006       0 (00000000)     _gFlux_pu_to_VpHz_sf
00000008       0 (00000000)     _gTorque_Flux_Iq_pu_to_Nm_sf
0000000a       0 (00000000)     _gPotentiometer
0000000c       0 (00000000)     _ctrlHandle
0000000e       0 (00000000)     _halHandle
00000010       0 (00000000)     _gFlux_pu_to_Wb_sf
00000012       0 (00000000)     _gMaxCurrentSlope
00000014       0 (00000000)     _gPwmData
0000001a       0 (00000000)     _gAdcData

00000040       1 (00000040)     _gDrvSpi8353Vars

000000c0       3 (000000c0)     _gMotorVars

00000140       5 (00000140)     _gUserParams

00000200       8 (00000200)     _ctrl

00000308       c (00000300)     ___TI_enable_exit_profile_output
0000030a       c (00000300)     ___TI_cleanup_ptr
0000030c       c (00000300)     ___TI_dtors_ptr
0000030e       c (00000300)     __lock
00000310       c (00000300)     __unlock
00000314       c (00000300)     _cpu

00000340       d (00000340)     _hal

00008980     226 (00008980)     __stack


GLOBAL SYMBOLS: SORTED ALPHABETICALLY BY Name 

page  address   name                                             
----  -------   ----                                             
0     003f062d  .text                                            
0     003f39b4  C$$EXIT                                          
abs   003fdc5e  FD$$MPY                                          
abs   003fdf7b  FD$$TOL                                          
abs   003fdeb8  FS$$ADD                                          
abs   003fdf2b  FS$$CMP                                          
abs   003fdce1  FS$$DIV                                          
abs   003fdde7  FS$$MPY                                          
abs   003fff4d  FS$$NEG                                          
abs   003fdfb7  FS$$TOFD                                         
abs   003fff0e  FS$$TOI                                          
0     003f3a64  FS$$TOU                                          
0     003f3a23  FS$$TOUL                                         
abs   003fff33  I$$TOFS                                          
0     003f398a  L$$DIV                                           
0     003f3999  L$$MOD                                           
abs   003ff8bd  U$$TOFS                                          
0     003f39a7  UL$$DIV                                          
0     003f39ae  UL$$MOD                                          
abs   003ff8aa  UL$$TOFS                                         
0     003f32c8  _ADC_disable                                     
0     003f32be  _ADC_disableBandGap                              
0     003f32a7  _ADC_disableInt                                  
0     003f329d  _ADC_disableNoOverlapMode                        
0     003f3293  _ADC_disableRefBuffers                           
0     003f3289  _ADC_disableVoltRefLoConv                        
0     003f327f  _ADC_enable                                      
0     003f3275  _ADC_enableBandGap                               
0     003f325f  _ADC_enableInt                                   
0     003f3255  _ADC_enableNoOverlapMode                         
0     003f324b  _ADC_enableRefBuffers                            
0     003f3241  _ADC_enableVoltRefLoConv                         
0     003f323a  _ADC_getDivideSelect                             
0     003f3232  _ADC_init                                        
0     003f3228  _ADC_powerDown                                   
0     003f321e  _ADC_powerUp                                     
0     003f3214  _ADC_reset                                       
0     003f3203  _ADC_setDivideSelect                             
0     003f31e2  _ADC_setIntMode                                  
0     003f31d1  _ADC_setIntPulseGenMode                          
0     003f31b0  _ADC_setIntSrc                                   
0     003f31a6  _ADC_setOffTrim                                  
0     003f318f  _ADC_setSampleMode                               
0     003f317c  _ADC_setSampleOverlapMode                        
0     003f3168  _ADC_setSocChanNumber                            
0     003f315b  _ADC_setSocFrc                                   
0     003f3151  _ADC_setSocFrcWord                               
0     003f313d  _ADC_setSocSampleDelay                           
0     003f3129  _ADC_setSocTrigSrc                               
0     003f3118  _ADC_setTempSensorSrc                            
0     003f3107  _ADC_setVoltRefSrc                               
0     003f30dd  _ADC_setupSocTrigSrc                             
0     003f354b  _CLK_disableAdcClock                             
0     003f3545  _CLK_disableClkIn                                
0     003f3541  _CLK_disableCompClock                            
0     003f353a  _CLK_disableCpuTimerClock                        
0     003f3534  _CLK_disableCrystalOsc                           
0     003f352d  _CLK_disableEcap1Clock                           
0     003f3526  _CLK_disableGpioInputClock                       
0     003f351f  _CLK_disableHrPwmClock                           
0     003f3518  _CLK_disableI2cClock                             
0     003f3512  _CLK_disableOsc1                                 
0     003f350c  _CLK_disableOsc1HaltMode                         
0     003f3506  _CLK_disableOsc2                                 
0     003f3500  _CLK_disableOsc2HaltMode                         
0     003f34f6  _CLK_disablePwmClock                             
0     003f34ef  _CLK_disableSciaClock                            
0     003f34e8  _CLK_disableSpiaClock                            
0     003f34e1  _CLK_disableTbClockSync                          
0     003f34db  _CLK_disableWatchDogHaltMode                     
0     003f34d4  _CLK_enableAdcClock                              
0     003f34ce  _CLK_enableClkIn                                 
0     003f34c8  _CLK_enableCompClock                             
0     003f34c2  _CLK_enableCpuTimerClock                         
0     003f34bc  _CLK_enableCrystalOsc                            
0     003f34b5  _CLK_enableEcap1Clock                            
0     003f34ae  _CLK_enableGpioInputClock                        
0     003f34a7  _CLK_enableHrPwmClock                            
0     003f34a0  _CLK_enableI2cClock                              
0     003f349a  _CLK_enableOsc1                                  
0     003f3494  _CLK_enableOsc1HaltMode                          
0     003f348e  _CLK_enableOsc2                                  
0     003f3488  _CLK_enableOsc2HaltMode                          
0     003f347f  _CLK_enablePwmClock                              
0     003f3478  _CLK_enableSciaClock                             
0     003f3471  _CLK_enableSpiaClock                             
0     003f346a  _CLK_enableTbClockSync                           
0     003f3464  _CLK_enableWatchDogHaltMode                      
0     003f345e  _CLK_init                                        
0     003f3457  _CLK_setClkOutPreScaler                          
0     003f3451  _CLK_setLowSpdPreScaler                          
0     003f344a  _CLK_setOsc2Src                                  
0     003f3443  _CLK_setOscSrc                                   
0     003f343c  _CLK_setTimer2PreScale                           
0     003f3435  _CLK_setTimer2Src                                
0     003f342e  _CLK_setWatchDogSrc                              
0     003f3427  _CLK_setXClkInSrc                                
0     003f39ff  _CPU_clearIntFlags                               
0     003f39fc  _CPU_disableDebugInt                             
0     003f39f9  _CPU_disableGlobalInts                           
0     003f39f4  _CPU_disableInt                                  
0     003f39f1  _CPU_disableInts                                 
0     003f39ee  _CPU_disableProtectedRegisterWrite               
0     003f39eb  _CPU_enableDebugInt                              
0     003f39e8  _CPU_enableGlobalInts                            
0     003f39e4  _CPU_enableInt                                   
0     003f39e1  _CPU_enableProtectedRegisterWrite                
0     003f39dd  _CPU_init                                        
0     003f2665  _CTRL_getGains                                   
0     003f265e  _CTRL_getIab_filt_pu                             
0     003f2657  _CTRL_getIab_in_pu                               
0     003f2650  _CTRL_getIdq_in_pu                               
0     003f2649  _CTRL_getIdq_ref_pu                              
0     003f269e  _CTRL_getMagCurrent_pu                           
0     003f269b  _CTRL_getMaximumSpeed_pu                         
0     003f2642  _CTRL_getVab_in_pu                               
0     003f263b  _CTRL_getVab_out_pu                              
0     003f2634  _CTRL_getVdq_out_pu                              
0     003f14b7  _CTRL_getVersion                                 
0     003f262b  _CTRL_getWaitTimes                               
abs   003fd88b  _CTRL_initCtrl                                   
0     0000800a  _CTRL_run                                        
0     003f13eb  _CTRL_runTraj                                    
0     003f0c85  _CTRL_setEstParams                               
0     003f23a5  _CTRL_setGains                                   
0     003f2695  _CTRL_setMagCurrent_pu                           
0     003f2698  _CTRL_setMaximumSpeed_pu                         
0     003f23cd  _CTRL_setParams                                  
0     003f2392  _CTRL_setSpd_ref_krpm                            
0     003f238f  _CTRL_setSpd_ref_pu                              
0     003f0b52  _CTRL_setUserMotorParams                         
0     003f2386  _CTRL_setWaitTimes                               
0     00008000  _CTRL_setup                                      
0     003f236a  _CTRL_setupClarke_I                              
0     003f2354  _CTRL_setupClarke_V                              
0     003f096a  _CTRL_setupCtrl                                  
0     003f07cc  _CTRL_setupEstIdleState                          
0     003f0791  _CTRL_setupEstOnLineState                        
0     003f062d  _CTRL_setupTraj                                  
0     003f22f1  _CTRL_setup_user                                 
0     003f223e  _CTRL_updateState                                
0     003f220d  _DRV8353_enable                                  
0     003f2206  _DRV8353_getDeadTime                             
0     003f2200  _DRV8353_getPeakSinkCurHS                        
0     003f21fa  _DRV8353_getPeakSinkCurLS                        
0     003f21f4  _DRV8353_getPeakSourCurHS                        
0     003f21ee  _DRV8353_getPeakSourCurLS                        
0     003f21e7  _DRV8353_getPeakSourTime                         
0     003f21e1  _DRV8353_getPwmMode                              
0     003f21db  _DRV8353_getVDSDeglitch                          
0     003f21d2  _DRV8353_init                                    
0     003f2072  _DRV8353_readData                                
0     003f1ed2  _DRV8353_readSpi                                 
0     003f2070  _DRV8353_setGpioHandle                           
0     003f206e  _DRV8353_setGpioNumber                           
0     003f206c  _DRV8353_setSpiHandle                            
0     003f1f0f  _DRV8353_setupSpi                                
0     003f1de8  _DRV8353_writeData                               
0     003f1dc3  _DRV8353_writeSpi                                
abs   003fd9e5  _EST_Angle_setParams                             
abs   003fd922  _EST_Dir_setParams                               
abs   003fd1e8  _EST_EPL_setParams                               
abs   003fd9b0  _EST_Flux_ab_setParams                           
abs   003fd514  _EST_Flux_computeOneOverFlux_qFmt                
abs   003fda3b  _EST_Flux_dq_setParams                           
abs   003fd49c  _EST_Flux_getRatedFlux_pu                        
abs   003fd42e  _EST_Flux_setParams                              
abs   003fd41e  _EST_Flux_setWaitTimes                           
abs   003fd95c  _EST_Freq_setParams                              
abs   003fd1be  _EST_I_setParams                                 
abs   003fd9cc  _EST_Iab_setParams                               
abs   003fda1e  _EST_Idq_setParams                               
abs   003fd3a8  _EST_Ls_getLs_d                                  
abs   003fd2b6  _EST_Ls_setLs_d                                  
abs   003fd284  _EST_Ls_setLs_q                                  
abs   003fd247  _EST_Ls_setParams                                
abs   003fd237  _EST_Ls_setWaitTimes                             
abs   003fda0d  _EST_OneOverDcBus_setParams                      
abs   003fd7e9  _EST_Rr_setParams                                
abs   003fd788  _EST_Rr_setRr                                    
abs   003fd57d  _EST_RsOnLine_setFilterParams                    
abs   003fd54d  _EST_RsOnLine_setParams                          
abs   003fd767  _EST_Rs_getRs                                    
abs   003fd725  _EST_Rs_setParams                                
abs   003fd6c3  _EST_Rs_setRs                                    
abs   003fd6b3  _EST_Rs_setWaitTimes                             
abs   003fd1af  _EST_TRAJ_setParams                              
abs   003fda53  _EST_Vab_setParams                               
abs   003fda47  _EST_Vback_ab_setParams                          
abs   003fda5e  _EST_Vback_dq_setParams                          
abs   003fd9fb  _EST_Vdq_setParams                               
abs   003fc092  _EST_computeDirection_qFmt                       
abs   003fd16d  _EST_computeL                                    
abs   003fd14d  _EST_computeR                                    
abs   003fd145  _EST_doCurrentCtrl                               
abs   003fd13d  _EST_doSpeedCtrl                                 
abs   003fc5f2  _EST_getAngle_pu                                 
abs   003fd0a3  _EST_getFlux_VpHz                                
abs   003fd090  _EST_getFlux_pu                                  
abs   003fd073  _EST_getFm_pu                                    
abs   003fc062  _EST_getFullScaleCurrent                         
abs   003fd043  _EST_getFullScaleFlux                            
abs   003fcc5c  _EST_getFullScaleFreq                            
abs   003fc4d1  _EST_getFullScaleInductance                      
abs   003fc08e  _EST_getFullScaleVoltage                         
abs   003fd017  _EST_getIdRated                                  
abs   003fcfe4  _EST_getLs_coarse_max_pu                         
abs   003fcfda  _EST_getLs_d_H                                   
abs   003fcfd5  _EST_getLs_d_pu                                  
abs   003fcfb3  _EST_getLs_q_H                                   
abs   003fcfae  _EST_getLs_q_pu                                  
abs   003fcfa2  _EST_getMaxCurrentSlope_pu                       
abs   003fcf98  _EST_getOneOverDcBus_pu                          
abs   003fcf92  _EST_getRr_Ohm                                   
abs   003fcef8  _EST_getRs_Ohm                                   
abs   003fceab  _EST_getSpeed_krpm                               
abs   003fc000  _EST_getState                                    
abs   003fce3d  _EST_get_krpm_to_pu_sf                           
abs   003fce38  _EST_get_pu_to_krpm_sf                           
abs   003fcd72  _EST_isError                                     
abs   003fcd6b  _EST_isIdle                                      
abs   003fcd64  _EST_isLockRotor                                 
abs   003fc05e  _EST_isMotorIdentified                           
abs   003fcd5d  _EST_isOnLine                                    
abs   003fc5ed  _EST_resetCounter_ctrl                           
abs   003fc05a  _EST_resetCounter_state                          
abs   003fcc60  _EST_run                                         
abs   003fc5c5  _EST_setFlag_enableFluxControl                   
abs   003fc5c0  _EST_setFlag_enableForceAngle                    
abs   003fc5bc  _EST_setFlag_enableRsOnLine                      
abs   003fc5b8  _EST_setFlag_enableRsRecalc                      
abs   003fc5b4  _EST_setFlag_estComplete                         
abs   003fc5b0  _EST_setFlag_updateRs                            
abs   003fc594  _EST_setFullScaleCurrent                         
abs   003fc58b  _EST_setFullScaleFreq                            
abs   003fc573  _EST_setFullScaleResistance                      
abs   003fc56f  _EST_setFullScaleVoltage                         
abs   003fc569  _EST_setIdRated_pu                               
abs   003fc565  _EST_setId_ref_pu                                
abs   003fc55f  _EST_setIdle                                     
abs   003fc54c  _EST_setIdle_all                                 
abs   003fc548  _EST_setIq_ref_pu                                
abs   003fc52a  _EST_setLs_d_pu                                  
abs   003fc4d6  _EST_setLs_qFmt                                  
abs   003fc4cc  _EST_setLs_q_pu                                  
abs   003fc4c0  _EST_setMaxCurrentSlope_pu                       
abs   003fc4bb  _EST_setMotorParams                              
abs   003fc3fd  _EST_setRs_pu                                    
abs   003fc3e2  _EST_setWaitTimes                                
abs   003fc3da  _EST_updateId_ref_pu                             
abs   003fc0f8  _EST_updateState                                 
abs   003fc002  _EST_useZeroIq_ref                               
0     003f3a20  _FILTER_FO_getDenCoeffs                          
0     003f3a19  _FILTER_FO_getInitialConditions                  
0     003f3a13  _FILTER_FO_getNumCoeffs                          
0     003f3a0d  _FILTER_FO_init                                  
0     003f3a0b  _FILTER_FO_setDenCoeffs                          
0     003f3a06  _FILTER_FO_setInitialConditions                  
0     003f3a02  _FILTER_FO_setNumCoeffs                          
0     003f3a5e  _FLASH_clear3VStatus                             
0     00008605  _FLASH_disablePipelineMode                       
0     000085ff  _FLASH_enablePipelineMode                        
0     003f3a5b  _FLASH_get3VStatus                               
0     003f3a58  _FLASH_getActiveWaitCount                        
0     003f3a54  _FLASH_getActiveWaitStatus                       
0     003f3a51  _FLASH_getPowerMode                              
0     003f3a4e  _FLASH_getStandbyWaitCount                       
0     003f3a4a  _FLASH_getStandbyWaitStatus                      
0     003f3a44  _FLASH_init                                      
0     000085fa  _FLASH_setActiveWaitCount                        
0     000085f3  _FLASH_setNumPagedReadWaitStates                 
0     000085ec  _FLASH_setNumRandomReadWaitStates                
0     000085e5  _FLASH_setOtpWaitStates                          
0     000085de  _FLASH_setPowerMode                              
0     000085d9  _FLASH_setStandbyWaitCount                       
1     00000001  _Flag_Latch_softwareUpdate                       
0     003f3419  _GPIO_getData                                    
0     003f340e  _GPIO_getPortData                                
0     003f3408  _GPIO_init                                       
0     003f33fe  _GPIO_lpmSelect                                  
0     003f33df  _GPIO_read                                       
0     003f33c5  _GPIO_setDirection                               
0     003f33ba  _GPIO_setExtInt                                  
0     003f33aa  _GPIO_setHigh                                    
0     003f339a  _GPIO_setLow                                     
0     003f336b  _GPIO_setMode                                    
0     003f335d  _GPIO_setPortData                                
0     003f3343  _GPIO_setPullUp                                  
0     003f330d  _GPIO_setQualification                           
0     003f32e2  _GPIO_setQualificationPeriod                     
0     003f32d2  _GPIO_toggle                                     
0     003f18b1  _HAL_AdcCalChanSelect                            
0     003f1908  _HAL_AdcCalConversion                            
0     003f1a6a  _HAL_AdcOffsetSelfCal                            
0     003f1b2c  _HAL_OscTempComp                                 
0     003f1b85  _HAL_cal                                         
0     003f1dbf  _HAL_disableGlobalInts                           
0     003f1cd3  _HAL_disableWdog                                 
0     003f1dad  _HAL_enableAdcInts                               
0     003f1da9  _HAL_enableDebugInt                              
0     003f1da4  _HAL_enableDrv                                   
0     003f1da0  _HAL_enableGlobalInts                            
0     003f1d8f  _HAL_enablePwmInt                                
0     003f1a99  _HAL_getOscTrimValue                             
0     003f1cd8  _HAL_init                                        
0     003f1aac  _HAL_osc1Comp                                    
0     003f1aec  _HAL_osc2Comp                                    
0     003f1cce  _HAL_readDrvData                                 
0     003f1cb4  _HAL_setDacParameters                            
0     003f1b9c  _HAL_setParams                                   
0     003f17eb  _HAL_setupAdcs                                   
0     003f17cf  _HAL_setupClks                                   
0     003f17ca  _HAL_setupDrvSpi                                 
0     003f17b4  _HAL_setupFaults                                 
0     0000860b  _HAL_setupFlash                                  
0     003f179b  _HAL_setupGate                                   
0     003f16e7  _HAL_setupGpios                                  
0     003f16c1  _HAL_setupLaunchPadGpio0and1                     
0     003f1688  _HAL_setupPeripheralClks                         
0     003f166c  _HAL_setupPie                                    
0     003f162d  _HAL_setupPll                                    
0     003f1555  _HAL_setupPwms                                   
0     003f151f  _HAL_setupSpiA                                   
0     003f14c6  _HAL_setupTimers                                 
0     003f14c1  _HAL_writeDrvData                                
0     003f384c  _OFFSET_getBeta                                  
0     003f383b  _OFFSET_init                                     
0     003f3825  _OFFSET_setBeta                                  
0     003f3816  _OFFSET_setInitCond                              
0     003f3814  _OFFSET_setOffset                                
0     003f3984  _OSC_init                                        
0     003f3977  _OSC_setCoarseTrim                               
0     003f3966  _OSC_setFineTrim                                 
0     003f395d  _OSC_setTrim                                     
0     003f364a  _PIE_clearAllFlags                               
0     003f3647  _PIE_clearAllInts                                
0     003f3644  _PIE_disable                                     
0     003f363d  _PIE_disableAllInts                              
0     003f3639  _PIE_disableCaptureInt                           
0     003f3630  _PIE_disableExtInt                               
0     003f3626  _PIE_disableInt                                  
0     003f3623  _PIE_enable                                      
0     003f3607  _PIE_enableAdcInt                                
0     003f3603  _PIE_enableCaptureInt                            
0     003f35e7  _PIE_enableExtInt                                
0     003f35de  _PIE_enableInt                                   
0     003f35d9  _PIE_enablePwmInt                                
0     003f35d4  _PIE_enablePwmTzInt                              
0     003f35d1  _PIE_enableTimer0Int                             
0     003f35c8  _PIE_forceInt                                    
0     003f35c0  _PIE_getExtIntCount                              
0     003f35b9  _PIE_getIntEnables                               
0     003f35b2  _PIE_getIntFlags                                 
0     003f3ad5  _PIE_illegalIsr                                  
0     003f35aa  _PIE_init                                        
0     003f3599  _PIE_registerPieIntHandler                       
0     003f358e  _PIE_registerSystemIntHandler                    
0     003f3583  _PIE_setDefaultIntVectorTable                    
0     003f3572  _PIE_setExtIntPolarity                           
0     003f355f  _PIE_unregisterPieIntHandler                     
0     003f3552  _PIE_unregisterSystemIntHandler                  
0     003f37ba  _PLL_disable                                     
0     003f37b4  _PLL_disableClkDetect                            
0     003f37ae  _PLL_disableNormRdy                              
0     003f37a8  _PLL_disableOsc                                  
0     003f37a2  _PLL_enable                                      
0     003f379c  _PLL_enableClkDetect                             
0     003f3796  _PLL_enableNormRdy                               
0     003f3790  _PLL_enableOsc                                   
0     003f378c  _PLL_getClkFreq                                  
0     003f3789  _PLL_getClkStatus                                
0     003f3786  _PLL_getDivideSelect                             
0     003f3783  _PLL_getLockStatus                               
0     003f377d  _PLL_init                                        
0     003f3777  _PLL_resetClkDetect                              
0     003f3771  _PLL_setClkFreq                                  
0     003f376a  _PLL_setDivideSelect                             
0     003f3765  _PLL_setLockPeriod                               
0     003f30d7  _PWM_clearTripZone                               
0     003f30d4  _PWM_decrementDeadBandFallingEdgeDelay           
0     003f30d1  _PWM_decrementDeadBandRisingEdgeDelay            
0     003f30ca  _PWM_disableAutoConvert                          
0     003f30c6  _PWM_disableChopping                             
0     003f30c3  _PWM_disableCounterLoad                          
0     003f30c0  _PWM_disableDeadBand                             
0     003f30bc  _PWM_disableDeadBandHalfCycle                    
0     003f30b5  _PWM_disableDigitalCompareBlankingWindow         
0     003f30ae  _PWM_disableDigitalCompareBlankingWindowInversion
0     003f30a7  _PWM_disableHrPeriod                             
0     003f30a0  _PWM_disableHrPhaseSync                          
0     003f309c  _PWM_disableInt                                  
0     003f3098  _PWM_disableSocAPulse                            
0     003f3094  _PWM_disableSocBPulse                            
0     003f308d  _PWM_disableTripZoneInt                          
0     003f3086  _PWM_disableTripZoneSrc                          
0     003f3080  _PWM_disableTripZones                            
0     003f3079  _PWM_enableAutoConvert                           
0     003f3075  _PWM_enableChopping                              
0     003f3072  _PWM_enableCounterLoad                           
0     003f306e  _PWM_enableDeadBandHalfCycle                     
0     003f3067  _PWM_enableDigitalCompareBlankingWindow          
0     003f3060  _PWM_enableDigitalCompareBlankingWindowInversion 
0     003f3059  _PWM_enableHrPeriod                              
0     003f3052  _PWM_enableHrPhaseSync                           
0     003f304e  _PWM_enableInt                                   
0     003f304a  _PWM_enableSocAPulse                             
0     003f3046  _PWM_enableSocBPulse                             
0     003f3040  _PWM_enableTripZoneInt                           
0     003f303a  _PWM_enableTripZoneSrc                           
0     003f3037  _PWM_getDeadBandFallingEdgeDelay                 
0     003f3034  _PWM_getDeadBandRisingEdgeDelay                  
0     003f3030  _PWM_getIntCount                                 
0     003f302c  _PWM_getShadowStatus_CmpA                        
0     003f3028  _PWM_getShadowStatus_CmpB                        
0     003f3023  _PWM_getSocACount                                
0     003f301e  _PWM_getSocBCount                                
0     003f301b  _PWM_incrementDeadBandFallingEdgeDelay           
0     003f3018  _PWM_incrementDeadBandRisingEdgeDelay            
0     003f3012  _PWM_init                                        
0     003f300b  _PWM_setActionQualContSWForce_PwmA               
0     003f3002  _PWM_setActionQualContSWForce_PwmB               
0     003f2ff9  _PWM_setActionQual_CntDown_CmpA_PwmA             
0     003f2ff0  _PWM_setActionQual_CntDown_CmpA_PwmB             
0     003f2fe7  _PWM_setActionQual_CntDown_CmpB_PwmA             
0     003f2fde  _PWM_setActionQual_CntDown_CmpB_PwmB             
0     003f2fd5  _PWM_setActionQual_CntUp_CmpA_PwmA               
0     003f2fcc  _PWM_setActionQual_CntUp_CmpA_PwmB               
0     003f2fc3  _PWM_setActionQual_CntUp_CmpB_PwmA               
0     003f2fba  _PWM_setActionQual_CntUp_CmpB_PwmB               
0     003f2fb1  _PWM_setActionQual_Period_PwmA                   
0     003f2fa8  _PWM_setActionQual_Period_PwmB                   
0     003f2fa1  _PWM_setActionQual_Zero_PwmA                     
0     003f2f9a  _PWM_setActionQual_Zero_PwmB                     
0     003f2f93  _PWM_setChoppingClkFreq                          
0     003f2f8c  _PWM_setChoppingDutyCycle                        
0     003f2f85  _PWM_setChoppingPulseWidth                       
0     003f2f81  _PWM_setClkDiv                                   
0     003f2f7f  _PWM_setCount                                    
0     003f2f7b  _PWM_setCounterMode                              
0     003f2f78  _PWM_setDeadBandFallingEdgeDelay                 
0     003f2f71  _PWM_setDeadBandInputMode                        
0     003f2f6a  _PWM_setDeadBandOutputMode                       
0     003f2f63  _PWM_setDeadBandPolarity                         
0     003f2f60  _PWM_setDeadBandRisingEdgeDelay                  
0     003f2f46  _PWM_setDigitalCompareAEvent1                    
0     003f2f36  _PWM_setDigitalCompareAEvent2                    
0     003f2f1c  _PWM_setDigitalCompareBEvent1                    
0     003f2f0c  _PWM_setDigitalCompareBEvent2                    
0     003f2f00  _PWM_setDigitalCompareBlankingPulse              
0     003f2efd  _PWM_setDigitalCompareFilterOffset               
0     003f2ef3  _PWM_setDigitalCompareFilterSource               
0     003f2ef0  _PWM_setDigitalCompareFilterWindow               
0     003f2ee1  _PWM_setDigitalCompareInput                      
0     003f2edd  _PWM_setHighSpeedClkDiv                          
0     003f2ed3  _PWM_setHrControlMode                            
0     003f2ec9  _PWM_setHrEdgeMode                               
0     003f2ebf  _PWM_setHrShadowMode                             
0     003f2eb8  _PWM_setIntMode                                  
0     003f2eb1  _PWM_setIntPeriod                                
0     003f2ead  _PWM_setLoadMode_CmpA                            
0     003f2ea7  _PWM_setLoadMode_CmpB                            
0     003f2ea5  _PWM_setPeriod                                   
0     003f2ea0  _PWM_setPeriodHr                                 
0     003f2e9c  _PWM_setPeriodLoad                               
0     003f2e9a  _PWM_setPhase                                    
0     003f2e96  _PWM_setPhaseDir                                 
0     003f2e92  _PWM_setRunMode                                  
0     003f2e8c  _PWM_setShadowMode_CmpA                          
0     003f2e86  _PWM_setShadowMode_CmpB                          
0     003f2e7d  _PWM_setSocAPeriod                               
0     003f2e73  _PWM_setSocAPulseSrc                             
0     003f2e6a  _PWM_setSocBPeriod                               
0     003f2e61  _PWM_setSocBPulseSrc                             
0     003f2e5e  _PWM_setSwSync                                   
0     003f2e5a  _PWM_setSyncMode                                 
0     003f2e50  _PWM_setTripZoneDCEventSelect_DCAEVT1            
0     003f2e44  _PWM_setTripZoneDCEventSelect_DCAEVT2            
0     003f2e38  _PWM_setTripZoneDCEventSelect_DCBEVT1            
0     003f2e2c  _PWM_setTripZoneDCEventSelect_DCBEVT2            
0     003f2e20  _PWM_setTripZoneState_DCAEVT1                    
0     003f2e14  _PWM_setTripZoneState_DCAEVT2                    
0     003f2e08  _PWM_setTripZoneState_DCBEVT1                    
0     003f2dfc  _PWM_setTripZoneState_DCBEVT2                    
0     003f2df2  _PWM_setTripZoneState_TZA                        
0     003f2de6  _PWM_setTripZoneState_TZB                        
0     003f3928  _PWR_disableBrownOutReset                        
0     003f391e  _PWR_disableWatchDogInt                          
0     003f391b  _PWR_enableBrownOutReset                         
0     003f3911  _PWR_enableWatchDogInt                           
0     003f3909  _PWR_init                                        
0     003f38f8  _PWR_setLowPowerMode                             
0     003f38e7  _PWR_setNumStandByClocks                         
0     003f062d  _RamfuncsLoadEnd                                 
0     003f0000  _RamfuncsLoadStart                               
0     00008000  _RamfuncsRunStart                                
0     003f36f6  _SPI_clearRxFifoInt                              
0     003f36f2  _SPI_clearRxFifoOvf                              
0     003f36ee  _SPI_clearTxFifoInt                              
0     003f36eb  _SPI_disableInt                                  
0     003f36e8  _SPI_disableLoopBack                             
0     003f36e5  _SPI_disableOverRunInt                           
0     003f36e1  _SPI_disableRxFifoInt                            
0     003f36de  _SPI_disableTx                                   
0     003f36da  _SPI_disableTxFifoEnh                            
0     003f36d6  _SPI_disableTxFifoInt                            
0     003f36d3  _SPI_enable                                      
0     003f36cf  _SPI_enableChannels                              
0     003f36cc  _SPI_enableInt                                   
0     003f36c9  _SPI_enableLoopBack                              
0     003f36c6  _SPI_enableOverRunInt                            
0     003f36c2  _SPI_enableRxFifo                                
0     003f36be  _SPI_enableRxFifoInt                             
0     003f36bb  _SPI_enableTx                                    
0     003f36b7  _SPI_enableTxFifo                                
0     003f36b3  _SPI_enableTxFifoEnh                             
0     003f36af  _SPI_enableTxFifoInt                             
0     003f36ac  _SPI_getIntFlagStatus                            
0     003f36a8  _SPI_getRxFifoStatus                             
0     003f36a5  _SPI_getTxBufferStatus                           
0     003f36a1  _SPI_getTxFifoStatus                             
0     003f369b  _SPI_init                                        
0     003f3698  _SPI_reset                                       
0     003f3694  _SPI_resetChannels                               
0     003f3690  _SPI_resetRxFifo                                 
0     003f368c  _SPI_resetTxFifo                                 
0     003f368a  _SPI_setBaudRate                                 
0     003f3686  _SPI_setCharLength                               
0     003f3684  _SPI_setClkPhase                                 
0     003f3680  _SPI_setClkPolarity                              
0     003f367e  _SPI_setMode                                     
0     003f3677  _SPI_setPriority                                 
0     003f3670  _SPI_setRxFifoIntLevel                           
0     003f3669  _SPI_setSteInv                                   
0     003f3662  _SPI_setSuspend                                  
0     003f365b  _SPI_setTriWire                                  
0     003f3658  _SPI_setTxDelay                                  
0     003f3651  _SPI_setTxFifoIntLevel                           
0     003f395a  _TIMER_clearFlag                                 
0     003f3957  _TIMER_disableInt                                
0     003f3954  _TIMER_enableInt                                 
0     003f3951  _TIMER_getStatus                                 
0     003f394b  _TIMER_init                                      
0     003f393d  _TIMER_setDecimationFactor                       
0     003f3939  _TIMER_setEmulationMode                          
0     003f392b  _TIMER_setPreScaler                              
0     003f2a0d  _USER_calcPIgains                                
0     003f2a09  _USER_checkForErrors                             
0     003f29fb  _USER_computeFlux                                
0     003f29bf  _USER_computeFlux_pu_to_VpHz_sf                  
0     003f2983  _USER_computeFlux_pu_to_Wb_sf                    
0     003f2947  _USER_computeTorque_Flux_Iq_pu_to_Nm_sf          
0     003f290d  _USER_computeTorque_Ls_Id_Iq_pu_to_Nm_sf         
0     003f28c0  _USER_computeTorque_Nm                           
0     003f2868  _USER_computeTorque_lbin                         
0     003f2865  _USER_getErrorCode                               
0     003f2862  _USER_setErrorCode                               
0     003f2724  _USER_setParams                                  
0     003f26a1  _USER_softwareUpdate1p6                          
0     003f38df  _WDOG_clearCounter                               
0     003f38d7  _WDOG_disable                                    
0     003f38d1  _WDOG_disableInt                                 
0     003f38cb  _WDOG_disableOverRide                            
0     003f38c2  _WDOG_enable                                     
0     003f38bc  _WDOG_enableInt                                  
0     003f38b6  _WDOG_enableOverRide                             
0     003f38b3  _WDOG_getIntStatus                               
0     003f38ad  _WDOG_init                                       
0     003f38ab  _WDOG_setCount                                   
0     003f38a1  _WDOG_setPreScaler                               
abs   003ff854  __IQ24cosPU                                      
abs   003fff8f  __IQ24rmpy                                       
abs   003ff82b  __IQ24sinPU                                      
abs   003ff2aa  __IQ24sqrt                                       
abs   003ff87b  __IQ29rsmpy                                      
abs   003fff52  __IQ30rsmpy                                      
abs   003fff7b  __IQ30toF                                        
1     00008b00  __STACK_END                                      
abs   00000180  __STACK_SIZE                                     
1     0000030a  ___TI_cleanup_ptr                                
1     0000030c  ___TI_dtors_ptr                                  
1     00000308  ___TI_enable_exit_profile_output                 
abs   ffffffff  ___TI_pprof_out_hndl                             
abs   ffffffff  ___TI_prof_data_size                             
abs   ffffffff  ___TI_prof_data_start                            
abs   ffffffff  ___binit__                                       
abs   ffffffff  ___c_args__                                      
0     003f3add  ___cinit__                                       
0     003f3add  ___etext__                                       
abs   ffffffff  ___pinit__                                       
0     003f062d  ___text__                                        
0     003f3a9b  __args_main                                      
1     0000030e  __lock                                           
0     003f3acc  __nop                                            
0     003f3ac8  __register_lock                                  
0     003f3ac4  __register_unlock                                
1     00008980  __stack                                          
0     003f3adc  __system_post_cinit                              
0     003f3ada  __system_pre_init                                
1     00000310  __unlock                                         
0     003f39b4  _abort                                           
0     003f37c0  _c_int00                                         
0     003f36fa  _ceil                                            
0     003f36fa  _ceilf                                           
0     003f385b  _copy_in                                         
1     00000314  _cpu                                             
1     00000200  _ctrl                                            
1     0000000c  _ctrlHandle                                      
0     003f3a81  _ddcopy                                          
0     003f3a81  _dpcopy                                          
0     003f39b6  _exit                                            
1     0000001a  _gAdcData                                        
1     00000000  _gCounter_updateGlobals                          
1     00000002  _gDeviceVariant                                  
1     00000040  _gDrvSpi8353Vars                                 
1     00000006  _gFlux_pu_to_VpHz_sf                             
1     00000010  _gFlux_pu_to_Wb_sf                               
1     00000003  _gLEDcnt                                         
1     00000012  _gMaxCurrentSlope                                
1     000000c0  _gMotorVars                                      
1     0000000a  _gPotentiometer                                  
1     00000014  _gPwmData                                        
1     00000008  _gTorque_Flux_Iq_pu_to_Nm_sf                     
1     00000004  _gTorque_Ls_Id_Iq_pu_to_Nm_sf                    
1     00000140  _gUserParams                                     
1     00000340  _hal                                             
1     0000000e  _halHandle                                       
abs   003fda88  _log                                             
0     003f2b63  _main                                            
0     00008513  _mainISR                                         
0     003f3ab4  _memCopy                                         
0     003f3a81  _pdcopy                                          
abs   003fdd64  _pow                                             
0     003f3a81  _ppcopy                                          
0     003f2af0  _updateGlobalVariables_motor                     
0     003f2ace  _updateKpKiGains                                 
0     00008629  _usDelay                                         
abs   ffffffff  binit                                            
0     003f3add  cinit                                            
0     003f7ff6  code_start                                       
0     003f3add  etext                                            
abs   ffffffff  pinit                                            


GLOBAL SYMBOLS: SORTED BY Symbol Address 

page  address   name                                             
----  -------   ----                                             
0     00008000  _CTRL_setup                                      
0     00008000  _RamfuncsRunStart                                
0     0000800a  _CTRL_run                                        
0     00008513  _mainISR                                         
0     000085d9  _FLASH_setStandbyWaitCount                       
0     000085de  _FLASH_setPowerMode                              
0     000085e5  _FLASH_setOtpWaitStates                          
0     000085ec  _FLASH_setNumRandomReadWaitStates                
0     000085f3  _FLASH_setNumPagedReadWaitStates                 
0     000085fa  _FLASH_setActiveWaitCount                        
0     000085ff  _FLASH_enablePipelineMode                        
0     00008605  _FLASH_disablePipelineMode                       
0     0000860b  _HAL_setupFlash                                  
0     00008629  _usDelay                                         
0     003f0000  _RamfuncsLoadStart                               
0     003f062d  .text                                            
0     003f062d  _CTRL_setupTraj                                  
0     003f062d  _RamfuncsLoadEnd                                 
0     003f062d  ___text__                                        
0     003f0791  _CTRL_setupEstOnLineState                        
0     003f07cc  _CTRL_setupEstIdleState                          
0     003f096a  _CTRL_setupCtrl                                  
0     003f0b52  _CTRL_setUserMotorParams                         
0     003f0c85  _CTRL_setEstParams                               
0     003f13eb  _CTRL_runTraj                                    
0     003f14b7  _CTRL_getVersion                                 
0     003f14c1  _HAL_writeDrvData                                
0     003f14c6  _HAL_setupTimers                                 
0     003f151f  _HAL_setupSpiA                                   
0     003f1555  _HAL_setupPwms                                   
0     003f162d  _HAL_setupPll                                    
0     003f166c  _HAL_setupPie                                    
0     003f1688  _HAL_setupPeripheralClks                         
0     003f16c1  _HAL_setupLaunchPadGpio0and1                     
0     003f16e7  _HAL_setupGpios                                  
0     003f179b  _HAL_setupGate                                   
0     003f17b4  _HAL_setupFaults                                 
0     003f17ca  _HAL_setupDrvSpi                                 
0     003f17cf  _HAL_setupClks                                   
0     003f17eb  _HAL_setupAdcs                                   
0     003f18b1  _HAL_AdcCalChanSelect                            
0     003f1908  _HAL_AdcCalConversion                            
0     003f1a6a  _HAL_AdcOffsetSelfCal                            
0     003f1a99  _HAL_getOscTrimValue                             
0     003f1aac  _HAL_osc1Comp                                    
0     003f1aec  _HAL_osc2Comp                                    
0     003f1b2c  _HAL_OscTempComp                                 
0     003f1b85  _HAL_cal                                         
0     003f1b9c  _HAL_setParams                                   
0     003f1cb4  _HAL_setDacParameters                            
0     003f1cce  _HAL_readDrvData                                 
0     003f1cd3  _HAL_disableWdog                                 
0     003f1cd8  _HAL_init                                        
0     003f1d8f  _HAL_enablePwmInt                                
0     003f1da0  _HAL_enableGlobalInts                            
0     003f1da4  _HAL_enableDrv                                   
0     003f1da9  _HAL_enableDebugInt                              
0     003f1dad  _HAL_enableAdcInts                               
0     003f1dbf  _HAL_disableGlobalInts                           
0     003f1dc3  _DRV8353_writeSpi                                
0     003f1de8  _DRV8353_writeData                               
0     003f1ed2  _DRV8353_readSpi                                 
0     003f1f0f  _DRV8353_setupSpi                                
0     003f206c  _DRV8353_setSpiHandle                            
0     003f206e  _DRV8353_setGpioNumber                           
0     003f2070  _DRV8353_setGpioHandle                           
0     003f2072  _DRV8353_readData                                
0     003f21d2  _DRV8353_init                                    
0     003f21db  _DRV8353_getVDSDeglitch                          
0     003f21e1  _DRV8353_getPwmMode                              
0     003f21e7  _DRV8353_getPeakSourTime                         
0     003f21ee  _DRV8353_getPeakSourCurLS                        
0     003f21f4  _DRV8353_getPeakSourCurHS                        
0     003f21fa  _DRV8353_getPeakSinkCurLS                        
0     003f2200  _DRV8353_getPeakSinkCurHS                        
0     003f2206  _DRV8353_getDeadTime                             
0     003f220d  _DRV8353_enable                                  
0     003f223e  _CTRL_updateState                                
0     003f22f1  _CTRL_setup_user                                 
0     003f2354  _CTRL_setupClarke_V                              
0     003f236a  _CTRL_setupClarke_I                              
0     003f2386  _CTRL_setWaitTimes                               
0     003f238f  _CTRL_setSpd_ref_pu                              
0     003f2392  _CTRL_setSpd_ref_krpm                            
0     003f23a5  _CTRL_setGains                                   
0     003f23cd  _CTRL_setParams                                  
0     003f262b  _CTRL_getWaitTimes                               
0     003f2634  _CTRL_getVdq_out_pu                              
0     003f263b  _CTRL_getVab_out_pu                              
0     003f2642  _CTRL_getVab_in_pu                               
0     003f2649  _CTRL_getIdq_ref_pu                              
0     003f2650  _CTRL_getIdq_in_pu                               
0     003f2657  _CTRL_getIab_in_pu                               
0     003f265e  _CTRL_getIab_filt_pu                             
0     003f2665  _CTRL_getGains                                   
0     003f2695  _CTRL_setMagCurrent_pu                           
0     003f2698  _CTRL_setMaximumSpeed_pu                         
0     003f269b  _CTRL_getMaximumSpeed_pu                         
0     003f269e  _CTRL_getMagCurrent_pu                           
0     003f26a1  _USER_softwareUpdate1p6                          
0     003f2724  _USER_setParams                                  
0     003f2862  _USER_setErrorCode                               
0     003f2865  _USER_getErrorCode                               
0     003f2868  _USER_computeTorque_lbin                         
0     003f28c0  _USER_computeTorque_Nm                           
0     003f290d  _USER_computeTorque_Ls_Id_Iq_pu_to_Nm_sf         
0     003f2947  _USER_computeTorque_Flux_Iq_pu_to_Nm_sf          
0     003f2983  _USER_computeFlux_pu_to_Wb_sf                    
0     003f29bf  _USER_computeFlux_pu_to_VpHz_sf                  
0     003f29fb  _USER_computeFlux                                
0     003f2a09  _USER_checkForErrors                             
0     003f2a0d  _USER_calcPIgains                                
0     003f2ace  _updateKpKiGains                                 
0     003f2af0  _updateGlobalVariables_motor                     
0     003f2b63  _main                                            
0     003f2de6  _PWM_setTripZoneState_TZB                        
0     003f2df2  _PWM_setTripZoneState_TZA                        
0     003f2dfc  _PWM_setTripZoneState_DCBEVT2                    
0     003f2e08  _PWM_setTripZoneState_DCBEVT1                    
0     003f2e14  _PWM_setTripZoneState_DCAEVT2                    
0     003f2e20  _PWM_setTripZoneState_DCAEVT1                    
0     003f2e2c  _PWM_setTripZoneDCEventSelect_DCBEVT2            
0     003f2e38  _PWM_setTripZoneDCEventSelect_DCBEVT1            
0     003f2e44  _PWM_setTripZoneDCEventSelect_DCAEVT2            
0     003f2e50  _PWM_setTripZoneDCEventSelect_DCAEVT1            
0     003f2e5a  _PWM_setSyncMode                                 
0     003f2e5e  _PWM_setSwSync                                   
0     003f2e61  _PWM_setSocBPulseSrc                             
0     003f2e6a  _PWM_setSocBPeriod                               
0     003f2e73  _PWM_setSocAPulseSrc                             
0     003f2e7d  _PWM_setSocAPeriod                               
0     003f2e86  _PWM_setShadowMode_CmpB                          
0     003f2e8c  _PWM_setShadowMode_CmpA                          
0     003f2e92  _PWM_setRunMode                                  
0     003f2e96  _PWM_setPhaseDir                                 
0     003f2e9a  _PWM_setPhase                                    
0     003f2e9c  _PWM_setPeriodLoad                               
0     003f2ea0  _PWM_setPeriodHr                                 
0     003f2ea5  _PWM_setPeriod                                   
0     003f2ea7  _PWM_setLoadMode_CmpB                            
0     003f2ead  _PWM_setLoadMode_CmpA                            
0     003f2eb1  _PWM_setIntPeriod                                
0     003f2eb8  _PWM_setIntMode                                  
0     003f2ebf  _PWM_setHrShadowMode                             
0     003f2ec9  _PWM_setHrEdgeMode                               
0     003f2ed3  _PWM_setHrControlMode                            
0     003f2edd  _PWM_setHighSpeedClkDiv                          
0     003f2ee1  _PWM_setDigitalCompareInput                      
0     003f2ef0  _PWM_setDigitalCompareFilterWindow               
0     003f2ef3  _PWM_setDigitalCompareFilterSource               
0     003f2efd  _PWM_setDigitalCompareFilterOffset               
0     003f2f00  _PWM_setDigitalCompareBlankingPulse              
0     003f2f0c  _PWM_setDigitalCompareBEvent2                    
0     003f2f1c  _PWM_setDigitalCompareBEvent1                    
0     003f2f36  _PWM_setDigitalCompareAEvent2                    
0     003f2f46  _PWM_setDigitalCompareAEvent1                    
0     003f2f60  _PWM_setDeadBandRisingEdgeDelay                  
0     003f2f63  _PWM_setDeadBandPolarity                         
0     003f2f6a  _PWM_setDeadBandOutputMode                       
0     003f2f71  _PWM_setDeadBandInputMode                        
0     003f2f78  _PWM_setDeadBandFallingEdgeDelay                 
0     003f2f7b  _PWM_setCounterMode                              
0     003f2f7f  _PWM_setCount                                    
0     003f2f81  _PWM_setClkDiv                                   
0     003f2f85  _PWM_setChoppingPulseWidth                       
0     003f2f8c  _PWM_setChoppingDutyCycle                        
0     003f2f93  _PWM_setChoppingClkFreq                          
0     003f2f9a  _PWM_setActionQual_Zero_PwmB                     
0     003f2fa1  _PWM_setActionQual_Zero_PwmA                     
0     003f2fa8  _PWM_setActionQual_Period_PwmB                   
0     003f2fb1  _PWM_setActionQual_Period_PwmA                   
0     003f2fba  _PWM_setActionQual_CntUp_CmpB_PwmB               
0     003f2fc3  _PWM_setActionQual_CntUp_CmpB_PwmA               
0     003f2fcc  _PWM_setActionQual_CntUp_CmpA_PwmB               
0     003f2fd5  _PWM_setActionQual_CntUp_CmpA_PwmA               
0     003f2fde  _PWM_setActionQual_CntDown_CmpB_PwmB             
0     003f2fe7  _PWM_setActionQual_CntDown_CmpB_PwmA             
0     003f2ff0  _PWM_setActionQual_CntDown_CmpA_PwmB             
0     003f2ff9  _PWM_setActionQual_CntDown_CmpA_PwmA             
0     003f3002  _PWM_setActionQualContSWForce_PwmB               
0     003f300b  _PWM_setActionQualContSWForce_PwmA               
0     003f3012  _PWM_init                                        
0     003f3018  _PWM_incrementDeadBandRisingEdgeDelay            
0     003f301b  _PWM_incrementDeadBandFallingEdgeDelay           
0     003f301e  _PWM_getSocBCount                                
0     003f3023  _PWM_getSocACount                                
0     003f3028  _PWM_getShadowStatus_CmpB                        
0     003f302c  _PWM_getShadowStatus_CmpA                        
0     003f3030  _PWM_getIntCount                                 
0     003f3034  _PWM_getDeadBandRisingEdgeDelay                  
0     003f3037  _PWM_getDeadBandFallingEdgeDelay                 
0     003f303a  _PWM_enableTripZoneSrc                           
0     003f3040  _PWM_enableTripZoneInt                           
0     003f3046  _PWM_enableSocBPulse                             
0     003f304a  _PWM_enableSocAPulse                             
0     003f304e  _PWM_enableInt                                   
0     003f3052  _PWM_enableHrPhaseSync                           
0     003f3059  _PWM_enableHrPeriod                              
0     003f3060  _PWM_enableDigitalCompareBlankingWindowInversion 
0     003f3067  _PWM_enableDigitalCompareBlankingWindow          
0     003f306e  _PWM_enableDeadBandHalfCycle                     
0     003f3072  _PWM_enableCounterLoad                           
0     003f3075  _PWM_enableChopping                              
0     003f3079  _PWM_enableAutoConvert                           
0     003f3080  _PWM_disableTripZones                            
0     003f3086  _PWM_disableTripZoneSrc                          
0     003f308d  _PWM_disableTripZoneInt                          
0     003f3094  _PWM_disableSocBPulse                            
0     003f3098  _PWM_disableSocAPulse                            
0     003f309c  _PWM_disableInt                                  
0     003f30a0  _PWM_disableHrPhaseSync                          
0     003f30a7  _PWM_disableHrPeriod                             
0     003f30ae  _PWM_disableDigitalCompareBlankingWindowInversion
0     003f30b5  _PWM_disableDigitalCompareBlankingWindow         
0     003f30bc  _PWM_disableDeadBandHalfCycle                    
0     003f30c0  _PWM_disableDeadBand                             
0     003f30c3  _PWM_disableCounterLoad                          
0     003f30c6  _PWM_disableChopping                             
0     003f30ca  _PWM_disableAutoConvert                          
0     003f30d1  _PWM_decrementDeadBandRisingEdgeDelay            
0     003f30d4  _PWM_decrementDeadBandFallingEdgeDelay           
0     003f30d7  _PWM_clearTripZone                               
0     003f30dd  _ADC_setupSocTrigSrc                             
0     003f3107  _ADC_setVoltRefSrc                               
0     003f3118  _ADC_setTempSensorSrc                            
0     003f3129  _ADC_setSocTrigSrc                               
0     003f313d  _ADC_setSocSampleDelay                           
0     003f3151  _ADC_setSocFrcWord                               
0     003f315b  _ADC_setSocFrc                                   
0     003f3168  _ADC_setSocChanNumber                            
0     003f317c  _ADC_setSampleOverlapMode                        
0     003f318f  _ADC_setSampleMode                               
0     003f31a6  _ADC_setOffTrim                                  
0     003f31b0  _ADC_setIntSrc                                   
0     003f31d1  _ADC_setIntPulseGenMode                          
0     003f31e2  _ADC_setIntMode                                  
0     003f3203  _ADC_setDivideSelect                             
0     003f3214  _ADC_reset                                       
0     003f321e  _ADC_powerUp                                     
0     003f3228  _ADC_powerDown                                   
0     003f3232  _ADC_init                                        
0     003f323a  _ADC_getDivideSelect                             
0     003f3241  _ADC_enableVoltRefLoConv                         
0     003f324b  _ADC_enableRefBuffers                            
0     003f3255  _ADC_enableNoOverlapMode                         
0     003f325f  _ADC_enableInt                                   
0     003f3275  _ADC_enableBandGap                               
0     003f327f  _ADC_enable                                      
0     003f3289  _ADC_disableVoltRefLoConv                        
0     003f3293  _ADC_disableRefBuffers                           
0     003f329d  _ADC_disableNoOverlapMode                        
0     003f32a7  _ADC_disableInt                                  
0     003f32be  _ADC_disableBandGap                              
0     003f32c8  _ADC_disable                                     
0     003f32d2  _GPIO_toggle                                     
0     003f32e2  _GPIO_setQualificationPeriod                     
0     003f330d  _GPIO_setQualification                           
0     003f3343  _GPIO_setPullUp                                  
0     003f335d  _GPIO_setPortData                                
0     003f336b  _GPIO_setMode                                    
0     003f339a  _GPIO_setLow                                     
0     003f33aa  _GPIO_setHigh                                    
0     003f33ba  _GPIO_setExtInt                                  
0     003f33c5  _GPIO_setDirection                               
0     003f33df  _GPIO_read                                       
0     003f33fe  _GPIO_lpmSelect                                  
0     003f3408  _GPIO_init                                       
0     003f340e  _GPIO_getPortData                                
0     003f3419  _GPIO_getData                                    
0     003f3427  _CLK_setXClkInSrc                                
0     003f342e  _CLK_setWatchDogSrc                              
0     003f3435  _CLK_setTimer2Src                                
0     003f343c  _CLK_setTimer2PreScale                           
0     003f3443  _CLK_setOscSrc                                   
0     003f344a  _CLK_setOsc2Src                                  
0     003f3451  _CLK_setLowSpdPreScaler                          
0     003f3457  _CLK_setClkOutPreScaler                          
0     003f345e  _CLK_init                                        
0     003f3464  _CLK_enableWatchDogHaltMode                      
0     003f346a  _CLK_enableTbClockSync                           
0     003f3471  _CLK_enableSpiaClock                             
0     003f3478  _CLK_enableSciaClock                             
0     003f347f  _CLK_enablePwmClock                              
0     003f3488  _CLK_enableOsc2HaltMode                          
0     003f348e  _CLK_enableOsc2                                  
0     003f3494  _CLK_enableOsc1HaltMode                          
0     003f349a  _CLK_enableOsc1                                  
0     003f34a0  _CLK_enableI2cClock                              
0     003f34a7  _CLK_enableHrPwmClock                            
0     003f34ae  _CLK_enableGpioInputClock                        
0     003f34b5  _CLK_enableEcap1Clock                            
0     003f34bc  _CLK_enableCrystalOsc                            
0     003f34c2  _CLK_enableCpuTimerClock                         
0     003f34c8  _CLK_enableCompClock                             
0     003f34ce  _CLK_enableClkIn                                 
0     003f34d4  _CLK_enableAdcClock                              
0     003f34db  _CLK_disableWatchDogHaltMode                     
0     003f34e1  _CLK_disableTbClockSync                          
0     003f34e8  _CLK_disableSpiaClock                            
0     003f34ef  _CLK_disableSciaClock                            
0     003f34f6  _CLK_disablePwmClock                             
0     003f3500  _CLK_disableOsc2HaltMode                         
0     003f3506  _CLK_disableOsc2                                 
0     003f350c  _CLK_disableOsc1HaltMode                         
0     003f3512  _CLK_disableOsc1                                 
0     003f3518  _CLK_disableI2cClock                             
0     003f351f  _CLK_disableHrPwmClock                           
0     003f3526  _CLK_disableGpioInputClock                       
0     003f352d  _CLK_disableEcap1Clock                           
0     003f3534  _CLK_disableCrystalOsc                           
0     003f353a  _CLK_disableCpuTimerClock                        
0     003f3541  _CLK_disableCompClock                            
0     003f3545  _CLK_disableClkIn                                
0     003f354b  _CLK_disableAdcClock                             
0     003f3552  _PIE_unregisterSystemIntHandler                  
0     003f355f  _PIE_unregisterPieIntHandler                     
0     003f3572  _PIE_setExtIntPolarity                           
0     003f3583  _PIE_setDefaultIntVectorTable                    
0     003f358e  _PIE_registerSystemIntHandler                    
0     003f3599  _PIE_registerPieIntHandler                       
0     003f35aa  _PIE_init                                        
0     003f35b2  _PIE_getIntFlags                                 
0     003f35b9  _PIE_getIntEnables                               
0     003f35c0  _PIE_getExtIntCount                              
0     003f35c8  _PIE_forceInt                                    
0     003f35d1  _PIE_enableTimer0Int                             
0     003f35d4  _PIE_enablePwmTzInt                              
0     003f35d9  _PIE_enablePwmInt                                
0     003f35de  _PIE_enableInt                                   
0     003f35e7  _PIE_enableExtInt                                
0     003f3603  _PIE_enableCaptureInt                            
0     003f3607  _PIE_enableAdcInt                                
0     003f3623  _PIE_enable                                      
0     003f3626  _PIE_disableInt                                  
0     003f3630  _PIE_disableExtInt                               
0     003f3639  _PIE_disableCaptureInt                           
0     003f363d  _PIE_disableAllInts                              
0     003f3644  _PIE_disable                                     
0     003f3647  _PIE_clearAllInts                                
0     003f364a  _PIE_clearAllFlags                               
0     003f3651  _SPI_setTxFifoIntLevel                           
0     003f3658  _SPI_setTxDelay                                  
0     003f365b  _SPI_setTriWire                                  
0     003f3662  _SPI_setSuspend                                  
0     003f3669  _SPI_setSteInv                                   
0     003f3670  _SPI_setRxFifoIntLevel                           
0     003f3677  _SPI_setPriority                                 
0     003f367e  _SPI_setMode                                     
0     003f3680  _SPI_setClkPolarity                              
0     003f3684  _SPI_setClkPhase                                 
0     003f3686  _SPI_setCharLength                               
0     003f368a  _SPI_setBaudRate                                 
0     003f368c  _SPI_resetTxFifo                                 
0     003f3690  _SPI_resetRxFifo                                 
0     003f3694  _SPI_resetChannels                               
0     003f3698  _SPI_reset                                       
0     003f369b  _SPI_init                                        
0     003f36a1  _SPI_getTxFifoStatus                             
0     003f36a5  _SPI_getTxBufferStatus                           
0     003f36a8  _SPI_getRxFifoStatus                             
0     003f36ac  _SPI_getIntFlagStatus                            
0     003f36af  _SPI_enableTxFifoInt                             
0     003f36b3  _SPI_enableTxFifoEnh                             
0     003f36b7  _SPI_enableTxFifo                                
0     003f36bb  _SPI_enableTx                                    
0     003f36be  _SPI_enableRxFifoInt                             
0     003f36c2  _SPI_enableRxFifo                                
0     003f36c6  _SPI_enableOverRunInt                            
0     003f36c9  _SPI_enableLoopBack                              
0     003f36cc  _SPI_enableInt                                   
0     003f36cf  _SPI_enableChannels                              
0     003f36d3  _SPI_enable                                      
0     003f36d6  _SPI_disableTxFifoInt                            
0     003f36da  _SPI_disableTxFifoEnh                            
0     003f36de  _SPI_disableTx                                   
0     003f36e1  _SPI_disableRxFifoInt                            
0     003f36e5  _SPI_disableOverRunInt                           
0     003f36e8  _SPI_disableLoopBack                             
0     003f36eb  _SPI_disableInt                                  
0     003f36ee  _SPI_clearTxFifoInt                              
0     003f36f2  _SPI_clearRxFifoOvf                              
0     003f36f6  _SPI_clearRxFifoInt                              
0     003f36fa  _ceil                                            
0     003f36fa  _ceilf                                           
0     003f3765  _PLL_setLockPeriod                               
0     003f376a  _PLL_setDivideSelect                             
0     003f3771  _PLL_setClkFreq                                  
0     003f3777  _PLL_resetClkDetect                              
0     003f377d  _PLL_init                                        
0     003f3783  _PLL_getLockStatus                               
0     003f3786  _PLL_getDivideSelect                             
0     003f3789  _PLL_getClkStatus                                
0     003f378c  _PLL_getClkFreq                                  
0     003f3790  _PLL_enableOsc                                   
0     003f3796  _PLL_enableNormRdy                               
0     003f379c  _PLL_enableClkDetect                             
0     003f37a2  _PLL_enable                                      
0     003f37a8  _PLL_disableOsc                                  
0     003f37ae  _PLL_disableNormRdy                              
0     003f37b4  _PLL_disableClkDetect                            
0     003f37ba  _PLL_disable                                     
0     003f37c0  _c_int00                                         
0     003f3814  _OFFSET_setOffset                                
0     003f3816  _OFFSET_setInitCond                              
0     003f3825  _OFFSET_setBeta                                  
0     003f383b  _OFFSET_init                                     
0     003f384c  _OFFSET_getBeta                                  
0     003f385b  _copy_in                                         
0     003f38a1  _WDOG_setPreScaler                               
0     003f38ab  _WDOG_setCount                                   
0     003f38ad  _WDOG_init                                       
0     003f38b3  _WDOG_getIntStatus                               
0     003f38b6  _WDOG_enableOverRide                             
0     003f38bc  _WDOG_enableInt                                  
0     003f38c2  _WDOG_enable                                     
0     003f38cb  _WDOG_disableOverRide                            
0     003f38d1  _WDOG_disableInt                                 
0     003f38d7  _WDOG_disable                                    
0     003f38df  _WDOG_clearCounter                               
0     003f38e7  _PWR_setNumStandByClocks                         
0     003f38f8  _PWR_setLowPowerMode                             
0     003f3909  _PWR_init                                        
0     003f3911  _PWR_enableWatchDogInt                           
0     003f391b  _PWR_enableBrownOutReset                         
0     003f391e  _PWR_disableWatchDogInt                          
0     003f3928  _PWR_disableBrownOutReset                        
0     003f392b  _TIMER_setPreScaler                              
0     003f3939  _TIMER_setEmulationMode                          
0     003f393d  _TIMER_setDecimationFactor                       
0     003f394b  _TIMER_init                                      
0     003f3951  _TIMER_getStatus                                 
0     003f3954  _TIMER_enableInt                                 
0     003f3957  _TIMER_disableInt                                
0     003f395a  _TIMER_clearFlag                                 
0     003f395d  _OSC_setTrim                                     
0     003f3966  _OSC_setFineTrim                                 
0     003f3977  _OSC_setCoarseTrim                               
0     003f3984  _OSC_init                                        
0     003f398a  L$$DIV                                           
0     003f3999  L$$MOD                                           
0     003f39a7  UL$$DIV                                          
0     003f39ae  UL$$MOD                                          
0     003f39b4  C$$EXIT                                          
0     003f39b4  _abort                                           
0     003f39b6  _exit                                            
0     003f39dd  _CPU_init                                        
0     003f39e1  _CPU_enableProtectedRegisterWrite                
0     003f39e4  _CPU_enableInt                                   
0     003f39e8  _CPU_enableGlobalInts                            
0     003f39eb  _CPU_enableDebugInt                              
0     003f39ee  _CPU_disableProtectedRegisterWrite               
0     003f39f1  _CPU_disableInts                                 
0     003f39f4  _CPU_disableInt                                  
0     003f39f9  _CPU_disableGlobalInts                           
0     003f39fc  _CPU_disableDebugInt                             
0     003f39ff  _CPU_clearIntFlags                               
0     003f3a02  _FILTER_FO_setNumCoeffs                          
0     003f3a06  _FILTER_FO_setInitialConditions                  
0     003f3a0b  _FILTER_FO_setDenCoeffs                          
0     003f3a0d  _FILTER_FO_init                                  
0     003f3a13  _FILTER_FO_getNumCoeffs                          
0     003f3a19  _FILTER_FO_getInitialConditions                  
0     003f3a20  _FILTER_FO_getDenCoeffs                          
0     003f3a23  FS$$TOUL                                         
0     003f3a44  _FLASH_init                                      
0     003f3a4a  _FLASH_getStandbyWaitStatus                      
0     003f3a4e  _FLASH_getStandbyWaitCount                       
0     003f3a51  _FLASH_getPowerMode                              
0     003f3a54  _FLASH_getActiveWaitStatus                       
0     003f3a58  _FLASH_getActiveWaitCount                        
0     003f3a5b  _FLASH_get3VStatus                               
0     003f3a5e  _FLASH_clear3VStatus                             
0     003f3a64  FS$$TOU                                          
0     003f3a81  _ddcopy                                          
0     003f3a81  _dpcopy                                          
0     003f3a81  _pdcopy                                          
0     003f3a81  _ppcopy                                          
0     003f3a9b  __args_main                                      
0     003f3ab4  _memCopy                                         
0     003f3ac4  __register_unlock                                
0     003f3ac8  __register_lock                                  
0     003f3acc  __nop                                            
0     003f3ad5  _PIE_illegalIsr                                  
0     003f3ada  __system_pre_init                                
0     003f3adc  __system_post_cinit                              
0     003f3add  ___cinit__                                       
0     003f3add  ___etext__                                       
0     003f3add  cinit                                            
0     003f3add  etext                                            
0     003f7ff6  code_start                                       
1     00000000  _gCounter_updateGlobals                          
1     00000001  _Flag_Latch_softwareUpdate                       
1     00000002  _gDeviceVariant                                  
1     00000003  _gLEDcnt                                         
1     00000004  _gTorque_Ls_Id_Iq_pu_to_Nm_sf                    
1     00000006  _gFlux_pu_to_VpHz_sf                             
1     00000008  _gTorque_Flux_Iq_pu_to_Nm_sf                     
1     0000000a  _gPotentiometer                                  
1     0000000c  _ctrlHandle                                      
1     0000000e  _halHandle                                       
1     00000010  _gFlux_pu_to_Wb_sf                               
1     00000012  _gMaxCurrentSlope                                
1     00000014  _gPwmData                                        
1     0000001a  _gAdcData                                        
1     00000040  _gDrvSpi8353Vars                                 
1     000000c0  _gMotorVars                                      
1     00000140  _gUserParams                                     
1     00000200  _ctrl                                            
1     00000308  ___TI_enable_exit_profile_output                 
1     0000030a  ___TI_cleanup_ptr                                
1     0000030c  ___TI_dtors_ptr                                  
1     0000030e  __lock                                           
1     00000310  __unlock                                         
1     00000314  _cpu                                             
1     00000340  _hal                                             
1     00008980  __stack                                          
1     00008b00  __STACK_END                                      
abs   00000180  __STACK_SIZE                                     
abs   003fc000  _EST_getState                                    
abs   003fc002  _EST_useZeroIq_ref                               
abs   003fc05a  _EST_resetCounter_state                          
abs   003fc05e  _EST_isMotorIdentified                           
abs   003fc062  _EST_getFullScaleCurrent                         
abs   003fc08e  _EST_getFullScaleVoltage                         
abs   003fc092  _EST_computeDirection_qFmt                       
abs   003fc0f8  _EST_updateState                                 
abs   003fc3da  _EST_updateId_ref_pu                             
abs   003fc3e2  _EST_setWaitTimes                                
abs   003fc3fd  _EST_setRs_pu                                    
abs   003fc4bb  _EST_setMotorParams                              
abs   003fc4c0  _EST_setMaxCurrentSlope_pu                       
abs   003fc4cc  _EST_setLs_q_pu                                  
abs   003fc4d1  _EST_getFullScaleInductance                      
abs   003fc4d6  _EST_setLs_qFmt                                  
abs   003fc52a  _EST_setLs_d_pu                                  
abs   003fc548  _EST_setIq_ref_pu                                
abs   003fc54c  _EST_setIdle_all                                 
abs   003fc55f  _EST_setIdle                                     
abs   003fc565  _EST_setId_ref_pu                                
abs   003fc569  _EST_setIdRated_pu                               
abs   003fc56f  _EST_setFullScaleVoltage                         
abs   003fc573  _EST_setFullScaleResistance                      
abs   003fc58b  _EST_setFullScaleFreq                            
abs   003fc594  _EST_setFullScaleCurrent                         
abs   003fc5b0  _EST_setFlag_updateRs                            
abs   003fc5b4  _EST_setFlag_estComplete                         
abs   003fc5b8  _EST_setFlag_enableRsRecalc                      
abs   003fc5bc  _EST_setFlag_enableRsOnLine                      
abs   003fc5c0  _EST_setFlag_enableForceAngle                    
abs   003fc5c5  _EST_setFlag_enableFluxControl                   
abs   003fc5ed  _EST_resetCounter_ctrl                           
abs   003fc5f2  _EST_getAngle_pu                                 
abs   003fcc5c  _EST_getFullScaleFreq                            
abs   003fcc60  _EST_run                                         
abs   003fcd5d  _EST_isOnLine                                    
abs   003fcd64  _EST_isLockRotor                                 
abs   003fcd6b  _EST_isIdle                                      
abs   003fcd72  _EST_isError                                     
abs   003fce38  _EST_get_pu_to_krpm_sf                           
abs   003fce3d  _EST_get_krpm_to_pu_sf                           
abs   003fceab  _EST_getSpeed_krpm                               
abs   003fcef8  _EST_getRs_Ohm                                   
abs   003fcf92  _EST_getRr_Ohm                                   
abs   003fcf98  _EST_getOneOverDcBus_pu                          
abs   003fcfa2  _EST_getMaxCurrentSlope_pu                       
abs   003fcfae  _EST_getLs_q_pu                                  
abs   003fcfb3  _EST_getLs_q_H                                   
abs   003fcfd5  _EST_getLs_d_pu                                  
abs   003fcfda  _EST_getLs_d_H                                   
abs   003fcfe4  _EST_getLs_coarse_max_pu                         
abs   003fd017  _EST_getIdRated                                  
abs   003fd043  _EST_getFullScaleFlux                            
abs   003fd073  _EST_getFm_pu                                    
abs   003fd090  _EST_getFlux_pu                                  
abs   003fd0a3  _EST_getFlux_VpHz                                
abs   003fd13d  _EST_doSpeedCtrl                                 
abs   003fd145  _EST_doCurrentCtrl                               
abs   003fd14d  _EST_computeR                                    
abs   003fd16d  _EST_computeL                                    
abs   003fd1af  _EST_TRAJ_setParams                              
abs   003fd1be  _EST_I_setParams                                 
abs   003fd1e8  _EST_EPL_setParams                               
abs   003fd237  _EST_Ls_setWaitTimes                             
abs   003fd247  _EST_Ls_setParams                                
abs   003fd284  _EST_Ls_setLs_q                                  
abs   003fd2b6  _EST_Ls_setLs_d                                  
abs   003fd3a8  _EST_Ls_getLs_d                                  
abs   003fd41e  _EST_Flux_setWaitTimes                           
abs   003fd42e  _EST_Flux_setParams                              
abs   003fd49c  _EST_Flux_getRatedFlux_pu                        
abs   003fd514  _EST_Flux_computeOneOverFlux_qFmt                
abs   003fd54d  _EST_RsOnLine_setParams                          
abs   003fd57d  _EST_RsOnLine_setFilterParams                    
abs   003fd6b3  _EST_Rs_setWaitTimes                             
abs   003fd6c3  _EST_Rs_setRs                                    
abs   003fd725  _EST_Rs_setParams                                
abs   003fd767  _EST_Rs_getRs                                    
abs   003fd788  _EST_Rr_setRr                                    
abs   003fd7e9  _EST_Rr_setParams                                
abs   003fd88b  _CTRL_initCtrl                                   
abs   003fd922  _EST_Dir_setParams                               
abs   003fd95c  _EST_Freq_setParams                              
abs   003fd9b0  _EST_Flux_ab_setParams                           
abs   003fd9cc  _EST_Iab_setParams                               
abs   003fd9e5  _EST_Angle_setParams                             
abs   003fd9fb  _EST_Vdq_setParams                               
abs   003fda0d  _EST_OneOverDcBus_setParams                      
abs   003fda1e  _EST_Idq_setParams                               
abs   003fda3b  _EST_Flux_dq_setParams                           
abs   003fda47  _EST_Vback_ab_setParams                          
abs   003fda53  _EST_Vab_setParams                               
abs   003fda5e  _EST_Vback_dq_setParams                          
abs   003fda88  _log                                             
abs   003fdc5e  FD$$MPY                                          
abs   003fdce1  FS$$DIV                                          
abs   003fdd64  _pow                                             
abs   003fdde7  FS$$MPY                                          
abs   003fdeb8  FS$$ADD                                          
abs   003fdf2b  FS$$CMP                                          
abs   003fdf7b  FD$$TOL                                          
abs   003fdfb7  FS$$TOFD                                         
abs   003ff2aa  __IQ24sqrt                                       
abs   003ff82b  __IQ24sinPU                                      
abs   003ff854  __IQ24cosPU                                      
abs   003ff87b  __IQ29rsmpy                                      
abs   003ff8aa  UL$$TOFS                                         
abs   003ff8bd  U$$TOFS                                          
abs   003fff0e  FS$$TOI                                          
abs   003fff33  I$$TOFS                                          
abs   003fff4d  FS$$NEG                                          
abs   003fff52  __IQ30rsmpy                                      
abs   003fff7b  __IQ30toF                                        
abs   003fff8f  __IQ24rmpy                                       
abs   ffffffff  ___TI_pprof_out_hndl                             
abs   ffffffff  ___TI_prof_data_size                             
abs   ffffffff  ___TI_prof_data_start                            
abs   ffffffff  ___binit__                                       
abs   ffffffff  ___c_args__                                      
abs   ffffffff  ___pinit__                                       
abs   ffffffff  binit                                            
abs   ffffffff  pinit                                            

[641 symbols]
